16:15:28 **** Incremental Build of configuration Debug for project mic_reading ****
make -j16 all 
arm-none-eabi-gcc "../Core/Src/main.c" -mcpu=cortex-m4 -std=gnu11 -g3 -DDEBUG -DUSE_HAL_DRIVER -DSTM32F302x8 -c -I../Core/Inc -I../Drivers/STM32F3xx_HAL_Driver/Inc/Legacy -I../Drivers/STM32F3xx_HAL_Driver/Inc -I../Drivers/CMSIS/Device/ST/STM32F3xx/Include -I../Drivers/CMSIS/Include -O0 -ffunction-sections -fdata-sections -Wall -fstack-usage -fcyclomatic-complexity -MMD -MP -MF"Core/Src/main.d" -MT"Core/Src/main.o" --specs=nano.specs -mfpu=fpv4-sp-d16 -mfloat-abi=hard -mthumb -o "Core/Src/main.o"
../Core/Src/main.c: In function 'main':
../Core/Src/main.c:113:47: warning: passing argument 2 of 'HAL_I2S_Receive_DMA' from incompatible pointer type [-Wincompatible-pointer-types]
  113 |                   HAL_I2S_Receive_DMA(&hi2s2, (uint8_t*)sBuffer, BUFFER_LEN * 2);
      |                                               ^~~~~~~~~~~~~~~~~
      |                                               |
      |                                               uint8_t * {aka unsigned char *}
In file included from ../Core/Inc/stm32f3xx_hal_conf.h:275,
                 from ../Drivers/STM32F3xx_HAL_Driver/Inc/stm32f3xx_hal.h:29,
                 from ../Core/Inc/main.h:30,
                 from ../Core/Src/main.c:20:
../Drivers/STM32F3xx_HAL_Driver/Inc/stm32f3xx_hal_i2s.h:463:74: note: expected 'uint16_t *' {aka 'short unsigned int *'} but argument is of type 'uint8_t *' {aka 'unsigned char *'}
  463 | HAL_StatusTypeDef HAL_I2S_Receive_DMA(I2S_HandleTypeDef *hi2s, uint16_t *pData, uint16_t Size);
      |                                                                ~~~~~~~~~~^~~~~
../Core/Src/main.c:111:18: warning: unused variable 'bytesIn' [-Wunused-variable]
  111 |           size_t bytesIn = 0;
      |                  ^~~~~~~
arm-none-eabi-gcc -o "mic_reading.elf" @"objects.list"   -mcpu=cortex-m4 -T"C:\Users\Matus\Desktop\FEI\semester_7\VRS\cv1\mic_reading\STM32F302R8TX_FLASH.ld" --specs=nosys.specs -Wl,-Map="mic_reading.map" -Wl,--gc-sections -static --specs=nano.specs -mfpu=fpv4-sp-d16 -mfloat-abi=hard -mthumb -Wl,--start-group -lc -lm -Wl,--end-group
Finished building target: mic_reading.elf
 
arm-none-eabi-size   mic_reading.elf 
arm-none-eabi-objdump -h -S  mic_reading.elf  > "mic_reading.list"
   text	   data	    bss	    dec	    hex	filename
  13024	     20	   1844	  14888	   3a28	mic_reading.elf
Finished building: default.size.stdout
 
Finished building: mic_reading.list
 
16:17:23 **** Incremental Build of configuration Debug for project mic_reading ****
make -j16 all 
arm-none-eabi-size   mic_reading.elf 
   text	   data	    bss	    dec	    hex	filename
  13024	     20	   1844	  14888	   3a28	mic_reading.elf
Finished building: default.size.stdout
 
16:17:36 **** Incremental Build of configuration Debug for project mic_reading ****
make -j16 all 
arm-none-eabi-size   mic_reading.elf 
   text	   data	    bss	    dec	    hex	filename
  13024	     20	   1844	  14888	   3a28	mic_reading.elf
Finished building: default.size.stdout
 
16:18:12 **** Incremental Build of configuration Debug for project mic_reading ****
make -j16 all 
arm-none-eabi-size   mic_reading.elf 
   text	   data	    bss	    dec	    hex	filename
  13024	     20	   1844	  14888	   3a28	mic_reading.elf
Finished building: default.size.stdout
 
16:19:31 **** Incremental Build of configuration Debug for project mic_reading ****
make -j16 all 
arm-none-eabi-gcc "../Core/Src/main.c" -mcpu=cortex-m4 -std=gnu11 -g3 -DDEBUG -DUSE_HAL_DRIVER -DSTM32F302x8 -c -I../Core/Inc -I../Drivers/STM32F3xx_HAL_Driver/Inc/Legacy -I../Drivers/STM32F3xx_HAL_Driver/Inc -I../Drivers/CMSIS/Device/ST/STM32F3xx/Include -I../Drivers/CMSIS/Include -O0 -ffunction-sections -fdata-sections -Wall -fstack-usage -fcyclomatic-complexity -MMD -MP -MF"Core/Src/main.d" -MT"Core/Src/main.o" --specs=nano.specs -mfpu=fpv4-sp-d16 -mfloat-abi=hard -mthumb -o "Core/Src/main.o"
../Core/Src/main.c: In function 'main':
../Core/Src/main.c:111:18: warning: unused variable 'bytesIn' [-Wunused-variable]
  111 |           size_t bytesIn = 0;
      |                  ^~~~~~~
arm-none-eabi-gcc -o "mic_reading.elf" @"objects.list"   -mcpu=cortex-m4 -T"C:\Users\Matus\Desktop\FEI\semester_7\VRS\cv1\mic_reading\STM32F302R8TX_FLASH.ld" --specs=nosys.specs -Wl,-Map="mic_reading.map" -Wl,--gc-sections -static --specs=nano.specs -mfpu=fpv4-sp-d16 -mfloat-abi=hard -mthumb -Wl,--start-group -lc -lm -Wl,--end-group
Finished building target: mic_reading.elf
 
arm-none-eabi-size   mic_reading.elf 
arm-none-eabi-objdump -h -S  mic_reading.elf  > "mic_reading.list"
   text	   data	    bss	    dec	    hex	filename
  13024	     20	   1844	  14888	   3a28	mic_reading.elf
Finished building: default.size.stdout
 
Finished building: mic_reading.list
 
