15:14:13 **** Incremental Build of configuration Debug for project vrs_cv3_interrupts ****
make -j16 all 
arm-none-eabi-gcc "../Src/main.c" -mcpu=cortex-m4 -std=gnu11 -g3 -DEXTERNAL_CLOCK_VALUE=8000000 -DHSE_VALUE=8000000 -DHSE_STARTUP_TIMEOUT=100 -DDEBUG -DLSE_STARTUP_TIMEOUT=5000 -DLSE_VALUE=32768 -DVDD_VALUE=3300 -DLSI_VALUE=40000 -DHSI_VALUE=8000000 -DSTM32F303x8 -DUSE_FULL_LL_DRIVER -DPREFETCH_ENABLE=1 -c -I../Inc -I../Drivers/CMSIS/Include -I../Drivers/STM32F3xx_HAL_Driver/Inc -I../Drivers/CMSIS/Device/ST/STM32F3xx/Include -O0 -ffunction-sections -fdata-sections -Wall -fstack-usage -fcyclomatic-complexity -MMD -MP -MF"Src/main.d" -MT"Src/main.o" --specs=nano.specs -mfpu=fpv4-sp-d16 -mfloat-abi=hard -mthumb -o "Src/main.o"
../Src/main.c: In function 'main':
../Src/main.c:81:15: warning: unused variable 'buttonState' [-Wunused-variable]
   81 |       uint8_t buttonState = LL_GPIO_IsInputPinSet(GPIOA, LL_GPIO_PIN_3);
      |               ^~~~~~~~~~~
arm-none-eabi-gcc -o "vrs_cv3_interrupts.elf" @"objects.list"   -mcpu=cortex-m4 -T"C:\Users\Matus\Desktop\FEI\semester_7\semester7\VRS\vrs_cvicenie_3\STM32F303K8TX_FLASH.ld" --specs=nosys.specs -Wl,-Map="vrs_cv3_interrupts.map" -Wl,--gc-sections -static --specs=nano.specs -mfpu=fpv4-sp-d16 -mfloat-abi=hard -mthumb -Wl,--start-group -lc -lm -Wl,--end-group
Finished building target: vrs_cv3_interrupts.elf
 
arm-none-eabi-size   vrs_cv3_interrupts.elf 
arm-none-eabi-objdump -h -S  vrs_cv3_interrupts.elf  > "vrs_cv3_interrupts.list"
   text	   data	    bss	    dec	    hex	filename
   2292	     12	   1572	   3876	    f24	vrs_cv3_interrupts.elf
Finished building: default.size.stdout
 
Finished building: vrs_cv3_interrupts.list
 

15:14:13 Build Finished. 0 errors, 1 warnings. (took 441ms)

